<!DOCTYPE html>
<!-- Generated by PHPWord --><html>
<head>
<meta charset="UTF-8">
<title>PHPWord</title>
<style>
body {font-family: 'Arial'; font-size: 10pt; color: #000000;}
* {font-family: 'Arial'; font-size: 10pt; color: #000000;}
a.NoteRef {text-decoration: none;}
hr {height: 1px; padding: 0; margin: 1em 0; border: 0; border-top: 1px solid #CCC;}
table {border: 1px solid black; border-spacing: 0px; width : 100%;}
td {border: 1px solid black;}
h1 {font-size: 22pt; font-weight: bold;}
h1 {margin-top: 12pt; margin-bottom: 6pt;}
h2 {font-size: 18pt; font-weight: bold;}
h2 {margin-top: 12pt; margin-bottom: 6pt;}
h3 {font-size: 15pt; font-weight: bold;}
h3 {margin-top: 12pt; margin-bottom: 6pt;}
h4 {font-size: 13pt; font-weight: bold;}
h4 {margin-top: 12pt; margin-bottom: 6pt;}
h5 {font-size: 11pt; font-weight: bold;}
h5 {margin-top: 12pt; margin-bottom: 6pt;}
body > div + div {page-break-before: always;}
div > *:first-child {page-break-before: auto;}
@page page1 {size: A4 portrait; margin-right: 1in; margin-left: 1in; margin-top: 1in; margin-bottom: 1in; }
</style>
</head>
<body>
<div style="page: page1">
<h1>Application snapshot</h1>
<p>This document captures the applicant's information at the time of submission. Any changes made to the applicant's information after submission will not be reflected here.</p>
<p>Process: Mante, Krajcik and Kuphal (OM01 Stacy Moore)</p>
<p>Process number: omnis</p>
<p>Date received: January 1st, 2020, 1:23 AM</p>
<h2>Applicant name</h2>
<h2>Lukas Conroy</h2>
<h3>Education requirement</h3>
<p>Requirement selection: Graduation with degree</p>
<p>Other in Patternmaker from Doyle, Upton and Dickinson</p>
<h2>Skill requirements</h2>
<h3>Essential skills</h3>
<p>Not provided</p>
<h3>Asset skills</h3>
<p>Not provided</p>
<h2>Career timeline</h2>
<h3>Community participation</h3>
<h4>Stock Clerk at Osinski, Bode and Blanda</h4>
<p>Sep 2014 - May 2015</p>
<p>Project or product: target efficient architectures</p>
<p>Additional details: Quos provident molestiae nihil asperiores eum reprehenderit. Earum voluptate quos ipsa corporis placeat similique nobis.</p>
<h3>Education and certificates</h3>
<h4>Other type of education in Patternmaker from Doyle, Upton and Dickinson</h4>
<p>Apr 2017 - Present</p>
<p>Area of study: Patternmaker</p>
<p>Status: Successful Completion (No Credential Awarded)</p>
<p>Thesis title: cultivate collaborative webservices</p>
<p>Additional details: Ratione quia corporis iste cum. Iste praesentium suscipit nam perferendis quod et. Saepe consectetur accusantium aliquid temporibus explicabo quis porro. Aliquam delectus enim ex est qui delectus.</p>
<h3>Work experiences</h3>
<h4>Irradiated-Fuel Handler with Mr. Pierce Dach</h4>
<p>Government of Canada</p>
<p>Apr 2016 - Present</p>
<p>Team, group or division: syndicate value-added portals</p>
<p>Employment type: Term</p>
<p>Classification: OM-1</p>
<p>Additional details: Cupiditate praesentium sed sunt reiciendis commodi consequatur. Quos quis alias iste omnis voluptatem reiciendis. Eos quas aut amet voluptatum dolore voluptas.</p>
<p>Management or supervisory position: No</p>
<h4>Financial Manager with Mr. Pierce Dach</h4>
<p>Government of Canada</p>
<p>Jun 2011 - Jan 2012</p>
<p>Team, group or division: transition transparent eyeballs</p>
<p>Employment type: Indeterminate</p>
<p>Position type: Substantive</p>
<p>Classification: OM-1</p>
<p>Additional details: Sint vitae vel blanditiis eveniet laudantium ex dolor qui. Temporibus tempora aut vel. Voluptatum ratione voluptas qui maiores totam quidem. Ipsa ut voluptas suscipit quae qui.</p>
<p>Management or supervisory position: Yes</p>
<p>Employee supervision: Yes</p>
<p>Number of employees: 21</p>
<p>Budget management or delegated signing authority: Yes</p>
<p>Annual budget allocation (CAD$): 503,947</p>
<p>Senior management status: This was a chief or deputy chief (C-suite) role.</p>
<p>C-suite role title: Chief Information Officer</p>
<h2>Personal information</h2>
<h3>Contact information</h3>
<p>Contact email address: Prudence_ferne.rogahn@example.org</p>
<p>Telephone: +14252857118</p>
<p>Communication language: English</p>
<p>Spoken interview language: French</p>
<p>Written exam language: English</p>
<h4>Status</h4>
<p>Member of CAF: Not in the CAF</p>
<p>Citizenship: Permanent Resident</p>
<h4>Language information</h4>
<p><span style="font-weight: bold;">Language of positions you would like to be considered for</span></p>
<p>English-only positions</p>
<p>First official language: </p>
<p>I have completed a Public Service Commission evaluation of my second official language: No</p>
<p>Exam validity: No</p>
<h4>Government information</h4>
<p>Government of Canada employee: Yes</p>
<p>Department: Mr. Pierce Dach</p>
<p>Employment type: Term</p>
<p>Work email: Ari_chelsie95@gc.ca</p>
<p>Classification: OM-01</p>
<p>Priority entitlement: No</p>
<h4>Work preferences</h4>
<p><span style="font-weight: bold;">Employment duration preference</span></p>
<p>Permanent duration</p>
<p><span style="font-weight: bold;">Acceptable job requirements</span></p>
<p>Availability, willingness and ability to work 24/7 on-call status.</p>
<p>Availability, willingness and ability to work overtime (occasionally).</p>
<p><span style="font-weight: bold;">Current location</span></p>
<p>City: Port Gilesmouth, Newfoundland and Labrador</p>
<p><span style="font-weight: bold;">Work location preferences</span></p>
<p>Work location: Northern (NU, NT, YT), Telework, Atlantic (NB, NS, PE and NL)</p>
<p>Location exemptions: Lancechester, East Marioport, Bogisichmouth</p>
<h4>Diversity, equity, inclusion</h4>
<p>Visible minority</p>
<p>Disabled</p>
<h2>Signature</h2>
<p>Signed: Jodie</p>
</div>
</body>
</html>
