<!DOCTYPE html>
<!-- Generated by PHPWord --><html>
<head>
<meta charset="UTF-8">
<title>PHPWord</title>
<style>
body {font-family: 'Arial'; font-size: 10pt; color: #000000;}
* {font-family: 'Arial'; font-size: 10pt; color: #000000;}
a.NoteRef {text-decoration: none;}
hr {height: 1px; padding: 0; margin: 1em 0; border: 0; border-top: 1px solid #CCC;}
table {border: 1px solid black; border-spacing: 0px; width : 100%;}
td {border: 1px solid black;}
h1 {font-size: 22pt; font-weight: bold;}
h1 {margin-top: 12pt; margin-bottom: 6pt;}
h2 {font-size: 18pt; font-weight: bold;}
h2 {margin-top: 12pt; margin-bottom: 6pt;}
h3 {font-size: 15pt; font-weight: bold;}
h3 {margin-top: 12pt; margin-bottom: 6pt;}
h4 {font-size: 13pt; font-weight: bold;}
h4 {margin-top: 12pt; margin-bottom: 6pt;}
h5 {font-size: 11pt; font-weight: bold;}
h5 {margin-top: 12pt; margin-bottom: 6pt;}
body > div + div {page-break-before: always;}
div > *:first-child {page-break-before: auto;}
@page page1 {size: A4 portrait; margin-right: 1in; margin-left: 1in; margin-top: 1in; margin-bottom: 1in; }
</style>
</head>
<body>
<div style="page: page1">
<h1>Application snapshot</h1>
<p>This document captures the applicant's information at the time of submission. Any changes made to the applicant's information after submission will not be reflected here.</p>
<p>Process: Brakus Group (OM01 Stacy Moore)</p>
<p>Process number: ipsam</p>
<p>Date received: May 4th, 2025, 9:22 PM</p>
<h2>Applicant name</h2>
<h2>Lukas Conroy</h2>
<h3>Education requirement</h3>
<p>Requirement selection: Graduation with degree</p>
<p>Master's degree in Commercial Pilot from Boehm Inc</p>
<h2>common.skill_requirements</h2>
<h3>Essential skills</h3>
<p>Not provided</p>
<h3>Asset skills</h3>
<p>Not provided</p>
<h2>Career timeline</h2>
<h3>Community participation</h3>
<h4>Postmasters at Bode-Blanda</h4>
<p>Dec 1970 - Present</p>
<p>Project or product: target efficient architectures</p>
<p>Additional details: Quos provident molestiae nihil asperiores eum reprehenderit. Earum voluptate quos ipsa corporis placeat similique nobis.</p>
<h3>Education and certificates</h3>
<h4>Master's degree in Commercial Pilot from Boehm Inc</h4>
<p>Jul 2020 - Jan 2021</p>
<p>Area of study: Commercial Pilot</p>
<p>Status: Audited</p>
<p>Thesis title: benchmark virtual technologies</p>
<p>Additional details: Sequi recusandae fugit dolor officia eos ducimus quasi. Unde id debitis recusandae hic necessitatibus. Illo ipsam vero dolorem aliquid incidunt est quo unde.</p>
<h3>Work experiences</h3>
<h4>Slot Key Person with Mr. Pierce Dach</h4>
<p>Government of Canada</p>
<p>Jun 2003 - Present</p>
<p>Team, group or division: syndicate value-added portals</p>
<p>Employment type: Term</p>
<p>Classification: OM-1</p>
<p>Additional details: Sed sunt reiciendis commodi consequatur. Quos quis alias iste omnis voluptatem reiciendis. Eos quas aut amet voluptatum dolore voluptas.</p>
<p>Management or supervisory position: No</p>
<h2>Personal information</h2>
<h3>Contact information</h3>
<p>Contact email address: Prudence_ferne.rogahn@example.org</p>
<p>Telephone: +14252857118</p>
<p>Communication language: English</p>
<p>Spoken interview language: French</p>
<p>Written exam language: English</p>
<h4>Status</h4>
<p>Member of CAF: Not in the CAF</p>
<p>Citizenship: Permanent Resident</p>
<h4>Language information</h4>
<p><span style="font-weight: bold;">Language of positions you would like to be considered for</span></p>
<p>English-only positions</p>
<p>First official language: </p>
<p>I have completed a Public Service Commission evaluation of my second official language: No</p>
<p>Exam validity: No</p>
<h4>Government information</h4>
<p>Government of Canada employee: Yes</p>
<p>Department: Mr. Pierce Dach</p>
<p>Employment type: Term</p>
<p>Work email: Ari_chelsie95@gc.ca</p>
<p>Classification: OM-01</p>
<p>Priority entitlement: No</p>
<h4>Work preferences</h4>
<p><span style="font-weight: bold;">Employment duration preference</span></p>
<p>Permanent duration</p>
<p><span style="font-weight: bold;">Acceptable job requirements</span></p>
<p>Availability, willingness and ability to work 24/7 on-call status.</p>
<p>Availability, willingness and ability to work overtime (occasionally).</p>
<p><span style="font-weight: bold;">Current location</span></p>
<p>City: Port Gilesmouth, Newfoundland and Labrador</p>
<p><span style="font-weight: bold;">Work location preferences</span></p>
<p>Work location: Northern (NU, NT, YT), Telework, Atlantic (NB, NS, PE and NL)</p>
<p>Location exemptions: Lancechester, East Marioport, Bogisichmouth</p>
<h4>Diversity, equity, inclusion</h4>
<p>Visible minority</p>
<p>Disabled</p>
<h2>Signature</h2>
<p>Signed: Jocelyn</p>
</div>
</body>
</html>
