<!DOCTYPE html>
<!-- Generated by PHPWord --><html>
<head>
<meta charset="UTF-8">
<title>PHPWord</title>
<style>
body {font-family: 'Arial'; font-size: 10pt; color: #000000;}
* {font-family: 'Arial'; font-size: 10pt; color: #000000;}
a.NoteRef {text-decoration: none;}
hr {height: 1px; padding: 0; margin: 1em 0; border: 0; border-top: 1px solid #CCC;}
table {border: 1px solid black; border-spacing: 0px; width : 100%;}
td {border: 1px solid black;}
h1 {font-size: 22pt; font-weight: bold;}
h1 {margin-top: 12pt; margin-bottom: 6pt;}
h2 {font-size: 18pt; font-weight: bold;}
h2 {margin-top: 12pt; margin-bottom: 6pt;}
h3 {font-size: 15pt; font-weight: bold;}
h3 {margin-top: 12pt; margin-bottom: 6pt;}
h4 {font-size: 13pt; font-weight: bold;}
h4 {margin-top: 12pt; margin-bottom: 6pt;}
h5 {font-size: 11pt; font-weight: bold;}
h5 {margin-top: 12pt; margin-bottom: 6pt;}
body > div + div {page-break-before: always;}
div > *:first-child {page-break-before: auto;}
@page page1 {size: A4 portrait; margin-right: 1in; margin-left: 1in; margin-top: 1in; margin-bottom: 1in; }
</style>
</head>
<body>
<div style="page: page1">
<h1>Job advertisement template: Criminal Investigator (EN)</h1>
<h2>Basic details</h2>
<p>Job title: Criminal Investigator (EN)</p>
<p>Description: Et ad asperiores numquam sint ad officia. Quas numquam eum error et. Et eligendi doloremque velit porro voluptas adipisci architecto. Eos aperiam sit et repellendus. Et molestias atque sed debitis suscipit. (EN)</p>
<p>Classification: QZ-00</p>
<p>Workstream: Deondre Walsh</p>
<p>Type of role: Individual contributor</p>
<p>Generic work description: <a href="http://www.marks.net/rerum-qui-eius-pariatur-eos-nesciunt-et">View on GCPedia</a><a name="footnote-0"></a><a href="#note-1" class="NoteRef"><sup>1</sup></a></p>
<p>Reference ID: rem_numquam_qui</p>
<h2>Key tasks &ndash; Examples</h2>
<p>The following key tasks are examples of the work that might be part of this role. When drafting your job advertisement, you're welcome to add, remove, or modify what is listed here to better fit your team and the job you're hoping to fill.</p>
<p>Voluptatum enim fugit esse nobis a ad. (EN)</p>

<p>Qui ratione enim dicta consequatur. (EN)</p>

<h2>Essential technical skills &ndash; Examples</h2>
<p>Special note: Occaecati id et atque amet. Consequatur nulla et aperiam. Aspernatur dolore earum officiis quia et libero laborum. Enim saepe animi eligendi qui. (EN)</p>
<p>Essential or required skills (also known as merit criteria) are the core skill requirements a candidate needs to perform the job. This list includes common skills that are often required for this role, but we recommend choosing only the skills that are absolutely necessary. A shorter list of required skills leads to stronger applications and simplifies the evaluation process.</p>
<h2>Essential behavioural skills &ndash; Examples</h2>
<p>Special note: Culpa in distinctio aliquam sed error magni. Rem esse impedit qui officia ducimus illo. Dolores libero corporis nesciunt in. Rem facere occaecati mollitia accusantium quam est. Illum illum reprehenderit molestias beatae atque voluptas odio. (EN)</p>
<p>In similar fashion to the essential technical skills, this list offers recommendations for the behavioural skills commonly required for this role. We recommend keeping essential behavioural skills limited to the exact requirements for your position or team to help candidates highlight the most relevant experience.</p>
<h2>Asset technical skills - Examples</h2>
<p>Special note: Eos sint voluptas id fugit delectus. Et ad laborum sequi dolorum et ea repellendus. Quam consequatur omnis nostrum voluptatem excepturi. Hic labore quas possimus officia id. Magnam nesciunt ipsam perspiciatis eligendi ipsum eius. (EN)</p>
<p>Asset or optional technical skills allow you to elaborate on skills that aren't strictly required but would benefit the role. These might address gaps on your team or be related skills that could bolster the candidate's work. Include any skills you think are a good fit for the position, but keep in mind that candidates aren't obligated to have these skills to apply or qualify.</p>
</div>
<hr>
<p>Please note that this resource is only available to Government of Canada employees on official networks.</p>
</body>
</html>
