<!DOCTYPE html>
<!-- Generated by PHPWord --><html>
<head>
<meta charset="UTF-8">
<title>PHPWord</title>
<style>
body {font-family: 'Arial'; font-size: 10pt; color: #000000;}
* {font-family: 'Arial'; font-size: 10pt; color: #000000;}
a.NoteRef {text-decoration: none;}
hr {height: 1px; padding: 0; margin: 1em 0; border: 0; border-top: 1px solid #CCC;}
table {border: 1px solid black; border-spacing: 0px; width : 100%;}
td {border: 1px solid black;}
h1 {font-size: 22pt; font-weight: bold;}
h1 {margin-top: 12pt; margin-bottom: 6pt;}
h2 {font-size: 18pt; font-weight: bold;}
h2 {margin-top: 12pt; margin-bottom: 6pt;}
h3 {font-size: 15pt; font-weight: bold;}
h3 {margin-top: 12pt; margin-bottom: 6pt;}
h4 {font-size: 13pt; font-weight: bold;}
h4 {margin-top: 12pt; margin-bottom: 6pt;}
h5 {font-size: 11pt; font-weight: bold;}
h5 {margin-top: 12pt; margin-bottom: 6pt;}
body > div + div {page-break-before: always;}
div > *:first-child {page-break-before: auto;}
@page page1 {size: A4 portrait; margin-right: 1in; margin-left: 1in; margin-top: 1in; margin-bottom: 1in; }
</style>
</head>
<body>
<div style="page: page1">
<h1>User profile</h1>
<h2>Lukas Conroy</h2>
<h3>Contact information</h3>
<p>Contact email address: Prudence_ferne.rogahn@example.org</p>
<p>Telephone: +14252857118</p>
<p>Communication language: English</p>
<p>Spoken interview language: French</p>
<p>Written exam language: English</p>
<h3>General information</h3>
<h4>Status</h4>
<p>Member of CAF: Not in the CAF</p>
<p>Citizenship: Permanent Resident</p>
<h4>Language information</h4>
<p><span style="font-weight: bold;">Language of positions you would like to be considered for</span></p>
<p>English-only positions</p>
<p>First official language: </p>
<p>I have completed a Public Service Commission evaluation of my second official language: No</p>
<p>Exam validity: No</p>
<h4>Government information</h4>
<p>Government of Canada employee: Yes</p>
<p>Department: Mr. Pierce Dach</p>
<p>Employment type: Student</p>
<p>Work email: Ari_chelsie95@gc.ca</p>
<p>Classification: OM-01</p>
<p>Priority entitlement: No</p>
<h4>Work preferences</h4>
<p><span style="font-weight: bold;">Employment duration preference</span></p>
<p>Permanent duration</p>
<p><span style="font-weight: bold;">Acceptable job requirements</span></p>
<p>Availability, willingness and ability to work 24/7 on-call status.</p>
<p>Availability, willingness and ability to work overtime (occasionally).</p>
<p><span style="font-weight: bold;">Current location</span></p>
<p>City: Port Gilesmouth, Newfoundland and Labrador</p>
<p><span style="font-weight: bold;">Work location preferences</span></p>
<p>Work location: Northern (NU, NT, YT), Telework, Atlantic (NB, NS, PE and NL)</p>
<p>Location exemptions: Lancechester, East Marioport, Bogisichmouth</p>
<h4>Diversity, equity, inclusion</h4>
<p>Visible minority</p>
<p>Disabled</p>
<h3>Career timeline</h3>
<h4>Community participation</h4>
<h5>Postmasters at Bode-Blanda</h5>
<p>Dec 1970 - Present</p>
<p>Project or product: target efficient architectures</p>
<p>Additional details: Quos provident molestiae nihil asperiores eum reprehenderit. Earum voluptate quos ipsa corporis placeat similique nobis.</p>
<h4>Work experiences</h4>
<h5>Slot Key Person with Mr. Pierce Dach</h5>
<p>Government of Canada</p>
<p>Jun 2003 - Present</p>
<p>Team, group or division: syndicate value-added portals</p>
<p>Employment type: Term</p>
<p>Classification: OM-1</p>
<p>Additional details: Sed sunt reiciendis commodi consequatur. Quos quis alias iste omnis voluptatem reiciendis. Eos quas aut amet voluptatum dolore voluptas.</p>
<p>Management or supervisory position: No</p>
<p>Featured skills</p>
<p><span style="font-weight: bold;">Copy Writer EN</span></p>
<p>: Et ex consequatur vero fuga iusto tempore. Ea sequi soluta autem asperiores pariatur. Accusamus quia adipisci eveniet rerum. Ipsum unde odio consequatur repudiandae mollitia ut dicta ut.</p>

<p><span style="font-weight: bold;">Log Grader and Scaler EN</span></p>
<p>: Iste qui sed doloribus minus quia reiciendis placeat et. Error voluptas quod aut occaecati ullam. Reprehenderit fugit repudiandae mollitia voluptatum.</p>

<p><span style="font-weight: bold;">Taper EN</span></p>
<p>: Necessitatibus sit tempore quasi dolorum praesentium. Ex ut amet placeat cupiditate iure. Et repellat accusamus tempora expedita est eius. Quisquam vel soluta ducimus iusto quis omnis voluptas.</p>

<h3>Skill showcase</h3>
<p>The skill showcase allows a candidate to provide a curated series of lists that highlight their specific strengths, weaknesses, and skill growth opportunities. These lists can provide you with insight into a candidate's broader skillset and where they might be interested in learning new skills.</p>
<h4>Top skills</h4>
<h5>Behavioural skills</h5>
<p><span style="font-weight: bold;">Gas Distribution Plant Operator EN</span></p>
<p>: Intermediate</p>

<p><span style="font-weight: bold;">Auditor EN</span></p>
<p>: Lead</p>

<p><span style="font-weight: bold;">Production Planning EN</span></p>
<p>: Beginner</p>

<h5>Technical skills</h5>
<p><span style="font-weight: bold;">Infantry EN</span></p>
<p>: Beginner</p>

<p><span style="font-weight: bold;">Veterinary Assistant OR Laboratory Animal Caretaker EN</span></p>
<p>: Beginner</p>

<p><span style="font-weight: bold;">Customer Service Representative EN</span></p>
<p>: Lead</p>

<h4>Skills to improve</h4>
<h5>Behavioural skills</h5>
<p><span style="font-weight: bold;">Taper EN</span></p>
<p>: Lead</p>

<p><span style="font-weight: bold;">Telecommunications Line Installer EN</span></p>
<p>: Intermediate</p>

<h5>Technical skills</h5>
<p><span style="font-weight: bold;">Underground Mining EN</span></p>
<p>: Lead</p>

<p><span style="font-weight: bold;">Immigration Inspector OR Customs Inspector EN</span></p>
<p>: Lead</p>

<p><span style="font-weight: bold;">Veterinary Assistant OR Laboratory Animal Caretaker EN</span></p>
<p>: Beginner</p>

<h3>Recruitment processes</h3>
<p>Overview of recruitment processes in which Lukas Conroy has been qualified.</p>
<h4>GC Digital Talent processes</h4>
<p>These processes are run on the GC Digital Talent platform.</p>
<h4>Off-platform processes</h4>
<p>Users can provide information about processes or pools from other Government of Canada platforms in which they&rsquo;ve been qualified. This information has not been verified.</p>
<p>Off-platform process information: </p>
<h3>GC employee profile</h3>
<h4>Career development preferences</h4>
<p>Interest in lateral movement: No</p>
<p>Interest in promotion and advancement: No</p>
<p>Interest in learning opportunities</p>
<p>Mentorship status: </p>
<p>Interest in executive-level opportunities: No</p>
<p>Executive coaching status: Not provided</p>
<h4>Next role</h4>
<p>Target classification group: </p>
<p>Target classification level: </p>
<p>Target role: </p>
<p>Senior management status: </p>
<p>Job title: </p>
<p>Desired functional community: </p>
<p>Desired work streams: </p>
<p>Preferred departments or agencies: </p>
<p>Mr. Pierce Dach</p>
<p>Additional information: </p>
<h4>Career objective</h4>
<p>Target classification group: </p>
<p>Target classification level: </p>
<p>Target role: </p>
<p>Senior management status: </p>
<p>Job title: </p>
<p>Desired functional community: </p>
<p>Desired work streams: </p>
<p>Preferred departments or agencies: </p>
<p>Mr. Pierce Dach</p>
<p>Additional information: </p>
<h4>Goals and Work style</h4>
<p>About you: </p>
<p>Learning goals: </p>
<p>How you work best: </p>
</div>
</body>
</html>
