<!doctype html>
<!-- Generated by PHPWord -->
<html>
  <head>
    <meta charset="UTF-8" />
    <title>PHPWord</title>
    <style>
      body {
        font-family: "Arial";
        font-size: 10pt;
        color: #000000;
      }
      * {
        font-family: "Arial";
        font-size: 10pt;
        color: #000000;
      }
      a.NoteRef {
        text-decoration: none;
      }
      hr {
        height: 1px;
        padding: 0;
        margin: 1em 0;
        border: 0;
        border-top: 1px solid #ccc;
      }
      table {
        border: 1px solid black;
        border-spacing: 0px;
        width: 100%;
      }
      td {
        border: 1px solid black;
      }
      h1 {
        font-size: 22pt;
        font-weight: bold;
      }
      h1 {
        margin-top: 12pt;
        margin-bottom: 6pt;
      }
      h2 {
        font-size: 18pt;
        font-weight: bold;
      }
      h2 {
        margin-top: 12pt;
        margin-bottom: 6pt;
      }
      h3 {
        font-size: 15pt;
        font-weight: bold;
      }
      h3 {
        margin-top: 12pt;
        margin-bottom: 6pt;
      }
      h4 {
        font-size: 13pt;
        font-weight: bold;
      }
      h4 {
        margin-top: 12pt;
        margin-bottom: 6pt;
      }
      h5 {
        font-size: 11pt;
        font-weight: bold;
      }
      h5 {
        margin-top: 12pt;
        margin-bottom: 6pt;
      }
      body > div + div {
        page-break-before: always;
      }
      div > *:first-child {
        page-break-before: auto;
      }
      @page page1 {
        size: A4 portrait;
        margin-right: 1in;
        margin-left: 1in;
        margin-top: 1in;
        margin-bottom: 1in;
      }
    </style>
  </head>
  <body>
    <div style="page: page1">
      <h1>User profile</h1>
      <h2>Olga Rutherford</h2>
      <h3>Contact information</h3>
      <p>Contact email address: Roderick_nikko18@example.com</p>
      <p>Telephone: +12522825144</p>
      <p>Communication language: English</p>
      <p>Spoken interview language: French</p>
      <p>Written exam language: English</p>
      <h3>General information</h3>
      <h4>Status</h4>
      <p>Member of CAF: Member</p>
      <p>Citizenship: Canadian Citizen</p>
      <h4>Language information</h4>
      <p>
        <span style="font-weight: bold"
          >Language of positions you would like to be considered for</span
        >
      </p>
      <p>English-only positions</p>
      <p>French-only positions</p>
      <p>First official language:</p>
      <p>
        I have completed a Public Service Commission evaluation of my second
        official language: No
      </p>
      <p>Exam validity: No</p>
      <h4>Government information</h4>
      <p>Government of Canada employee: Yes</p>
      <p>Department: Frankie Runolfsson</p>
      <p>Employment type: Term</p>
      <p>Work email: Fermin_hanna.weimann@gc.ca</p>
      <p>Classification: VQ-01</p>
      <p>Priority entitlement: No</p>
      <h4>Work preferences</h4>
      <p>
        <span style="font-weight: bold">Employment duration preference</span>
      </p>
      <p>Permanent duration</p>
      <p><span style="font-weight: bold">Acceptable job requirements</span></p>
      <p>Availability, willingness and ability to work shift-work.</p>
      <p>Availability, willingness and ability to travel as required.</p>
      <p><span style="font-weight: bold">Current location</span></p>
      <p>City: Jermeyville, Alberta</p>
      <p><span style="font-weight: bold">Work location preferences</span></p>
      <p>
        Work location: Prairies (AB, SK, MB), National Capital Region
        (Ottawa/Gatineau), Quebec (excluding Gatineau area)
      </p>
      <p>Location exemptions: Lake Osvaldo, East Elmirastad, West Yasmine</p>
      <h4>Diversity, equity, inclusion</h4>
      <p>Woman</p>
      <p>Disabled</p>
      <h3>Career timeline</h3>
      <h4>Community participation</h4>
      <h5>Personal Home Care Aide at Wunsch-Borer</h5>
      <p>May 1992 - Jan 2025</p>
      <p>Project or product: maximize collaborative content</p>
      <p>
        Additional details: Aut animi id dolores ad labore corrupti officia. Non
        aut ab non molestiae enim possimus ipsam. Dolor facilis non qui est
        dolor optio.
      </p>
      <h4>Work experiences</h4>
      <h5>Marking Clerk with Frankie Runolfsson</h5>
      <p>Government of Canada</p>
      <p>Nov 1979 - Present</p>
      <p>Team, group or division: scale web-enabled infrastructures</p>
      <p>Employment type: Term</p>
      <p>Classification: VQ-1</p>
      <p>
        Additional details: Sunt consequatur voluptatem magnam consequatur
        aliquid ea et. Consequatur vero fuga iusto tempore sint ea sequi soluta.
      </p>
      <p>Management or supervisory position: Yes</p>
      <p>Employee supervision: Yes</p>
      <p>Number of employees: 47</p>
      <p>Budget management or delegated signing authority: Yes</p>
      <p>Annual budget allocation (CAD$): 184,205</p>
      <p>
        Senior management status: This was a chief or deputy chief (C-suite)
        role.
      </p>
      <p>C-suite role title: Deputy Chief Technology Officer</p>
      <p>Work streams</p>
      <p>Orn, Vandervort and Dach EN</p>
      <p>Prof. Rex Lemke MD</p>
      <p>Featured skills</p>
      <p><span style="font-weight: bold">Auditor EN</span></p>
      <p>
        : Eius non fuga cupiditate provident cumque. Velit quaerat sed
        recusandae sequi corrupti. Velit cum quo totam sit aut qui. Sed voluptas
        eum velit. Porro sint ipsa animi laudantium autem dolorem.
      </p>

      <p><span style="font-weight: bold">Copy Writer EN</span></p>
      <p>
        : Sit enim ea fuga eum voluptatibus. Similique fugiat dolorum incidunt.
        Magni voluptate aliquid voluptas culpa enim sapiente.
      </p>

      <p><span style="font-weight: bold">Correctional Officer EN</span></p>
      <p>
        : Nisi culpa reiciendis et voluptatem dolores. Ut quo nisi iusto
        blanditiis dolores dolorem. Et debitis accusantium odit dolore qui
        nesciunt tempore.
      </p>

      <p><span style="font-weight: bold">Librarian EN</span></p>
      <p>
        : Repudiandae ea sed repudiandae ipsam. Et quos accusantium vero dolorem
        minima facilis facere. Tempore nobis eaque enim amet in et hic. Aut ad
        reiciendis iusto facere nam cumque.
      </p>

      <p><span style="font-weight: bold">Plumber EN</span></p>
      <p>
        : Sint facilis qui nemo totam non. Ex inventore esse vero nulla natus.
        Molestias repudiandae id excepturi magnam.
      </p>

      <p><span style="font-weight: bold">Taper EN</span></p>
      <p>
        : Quibusdam officiis vitae dolore qui saepe odit. Exercitationem ipsa
        voluptatum possimus incidunt. Eos amet quasi et iure repellendus.
      </p>

      <p><span style="font-weight: bold">Underground Mining EN</span></p>
      <p>
        : Ut ut accusantium voluptatem et iure. Consequuntur excepturi unde
        voluptatibus. Omnis consequatur hic voluptatum delectus rem cumque
        pariatur.
      </p>

      <h3>Skill showcase</h3>
      <p>
        The skill showcase allows a candidate to provide a curated series of
        lists that highlight their specific strengths, weaknesses, and skill
        growth opportunities. These lists can provide you with insight into a
        candidate's broader skillset and where they might be interested in
        learning new skills.
      </p>
      <h4>Top skills</h4>
      <h5>Behavioural skills</h5>
      <p><span style="font-weight: bold">Milling Machine Operator EN</span></p>
      <p>: Advanced</p>

      <p><span style="font-weight: bold">Pump Operators EN</span></p>
      <p>: Intermediate</p>

      <h4>Skills to improve</h4>
      <h5>Behavioural skills</h5>
      <p><span style="font-weight: bold">Personal Care Worker EN</span></p>
      <p>: Intermediate</p>

      <p><span style="font-weight: bold">Umpire and Referee EN</span></p>
      <p>: Lead</p>

      <h5>Technical skills</h5>
      <p><span style="font-weight: bold">Aerospace Engineer EN</span></p>
      <p>: Beginner</p>

      <p><span style="font-weight: bold">Plumber EN</span></p>
      <p>: Intermediate</p>

      <p>
        <span style="font-weight: bold"
          >Telecommunications Line Installer EN</span
        >
      </p>
      <p>: Advanced</p>

      <h3>Recruitment processes</h3>
      <p>
        Overview of recruitment processes in which Olga Rutherford has been
        qualified.
      </p>
      <h4>GC Digital Talent processes</h4>
      <p>These processes are run on the GC Digital Talent platform.</p>
      <h4>Off-platform processes</h4>
      <p>
        Users can provide information about processes or pools from other
        Government of Canada platforms in which they&rsquo;ve been qualified.
        This information has not been verified.
      </p>
      <p>
        Off-platform process information: Et libero laborum asperiores enim
        saepe. Eligendi qui ut fugit aut sit et. Earum aut enim repellat quia
        minima odio. Quo itaque earum alias libero. Ratione deleniti ducimus
        facere dolore culpa quos. Quod culpa in distinctio aliquam sed error
        magni exercitationem. Esse impedit qui officia ducimus illo et dolores.
        Corporis nesciunt in excepturi rem. Occaecati mollitia accusantium quam
        est nisi. Illum reprehenderit molestias beatae atque.
      </p>
      <h3>GC employee profile</h3>
      <h4>Career development preferences</h4>
      <p>Interest in lateral movement: Yes</p>
      <p>Target time frame: In 3 or more years</p>
      <p>Interest in promotion and advancement: No</p>
      <p>Interest in learning opportunities</p>
      <p>Mentorship status: Mentee</p>
      <p>Interest in mentorship opportunities</p>
      <p>Mentor</p>
      <p>Interest in executive-level opportunities: No</p>
      <p>Executive coaching status: Not provided</p>
      <p>Interest in executive coaching opportunities</p>
      <p>I'm interested in coaching another employee.</p>
      <p>I'm interested in receiving executive coaching.</p>
      <h4>Next role</h4>
      <p>Target classification group: VQ</p>
      <p>Target classification level: 1</p>
      <p>Target role: Executive director</p>
      <p>Senior management status: This is not a C-suite role.</p>
      <p>Job title: velit repellendus in</p>
      <p>Desired functional community: Gulgowski-Jenkins</p>
      <p>Desired work streams:</p>
      <p>Prof. Rex Lemke MD</p>
      <p>Preferred departments or agencies:</p>
      <p>Frankie Runolfsson</p>
      <p>
        Additional information: Ipsum recusandae vel placeat molestias.
        Doloribus cumque odit mollitia.
      </p>
      <h4>Career objective</h4>
      <p>Target classification group: VQ</p>
      <p>Target classification level: 1</p>
      <p>Target role: Senior director</p>
      <p>Senior management status: This is not a C-suite role.</p>
      <p>Job title: voluptatem qui ea</p>
      <p>Desired functional community: Gulgowski-Jenkins</p>
      <p>Desired work streams:</p>
      <p>Preferred departments or agencies:</p>
      <p>Frankie Runolfsson</p>
      <p>
        Additional information: Odio eum enim et aperiam omnis repudiandae.
        Molestiae officia harum autem officia consequatur. Perferendis esse
        sequi assumenda at omnis. Qui cupiditate molestias excepturi hic aut
        sed.
      </p>
      <h4>Goals and Work style</h4>
      <p>
        About you: Velit inventore corporis repellat ex adipisci impedit maiores
        nemo. Fugit quas voluptates dolor sed ducimus cumque in itaque.
      </p>
      <p>
        Learning goals: Dolorum quia soluta error rerum. Officia fuga quasi
        atque earum repellat quo reprehenderit.
      </p>
      <p>
        How you work best: Nostrum perspiciatis dolore consequatur dolore autem
        animi et. Qui temporibus vitae minima excepturi nesciunt hic sit. Harum
        aut ut dolorem dolor. Sint voluptate unde quo consequatur et molestias
        quia aliquid. Ut numquam impedit molestiae.
      </p>
    </div>
  </body>
</html>
