// Jest Snapshot v1, https://goo.gl/fbAQLP

exports[`message files should have no changes to duplicate strings 1`] = `
"[
    {
        "en": "Education requirement",
        "fr": [
            "Exigence d’études",
            "Exigences pédagogiques"
        ]
    },
    {
        "en": "Career timeline",
        "fr": [
            "Parcours professionnel",
            "Échéancier de carrière"
        ]
    },
    {
        "en": "Screened in",
        "fr": [
            "Sélectionné(e)",
            "Accepté"
        ]
    },
    {
        "en": "Language requirement",
        "fr": [
            "Exigence linguistique",
            "Exigences relatives à la langue"
        ]
    },
    {
        "en": "N/A",
        "fr": [
            "S.O.",
            "S. O."
        ]
    },
    {
        "en": "Minimum education",
        "fr": [
            "Niveau d'études minimal",
            "Études minimales"
        ]
    },
    {
        "en": "View",
        "fr": [
            "Voir",
            "Affichage"
        ]
    },
    {
        "en": "Required",
        "fr": [
            "Requises",
            "Champ obligatoire"
        ]
    },
    {
        "en": "Skill requirements",
        "fr": [
            "Exigences relatives aux compétences",
            "Exigences en matière de compétences"
        ]
    },
    {
        "en": "Optional",
        "fr": [
            "Facultatives",
            "Facultatif"
        ]
    },
    {
        "en": "About this role",
        "fr": [
            "À propos de ce rôle",
            "Au sujet de ce rôle"
        ]
    }
]"
`;
