// Jest Snapshot v1, https://goo.gl/fbAQLP

exports[`message files should have no changes to duplicate strings 1`] = `
"[
  {
    "en": "Membership roles",
    "fr": [
      "Rôles des membres",
      "Rôles dans l'équipe"
    ]
  },
  {
    "en": "Community roles",
    "fr": [
      "Rôles dans la collectivité",
      "Rôles dans des collectivités"
    ]
  },
  {
    "en": "Language requirement",
    "fr": [
      "Exigence linguistique",
      "Exigences relatives à la langue"
    ]
  },
  {
    "en": "Add individual role",
    "fr": [
      "Ajoutez un rôle individuel",
      "Ajouter un rôle individue"
    ]
  },
  {
    "en": "Minimum education",
    "fr": [
      "Niveau d'études minimal",
      "Études minimales"
    ]
  },
  {
    "en": "Remove from process",
    "fr": [
      "Retirez du processus",
      "Retirer du processus"
    ]
  },
  {
    "en": "Remove membership<hidden> in {team}</hidden>",
    "fr": [
      "Retirez de l'équipe<hidden> dans {team}</hidden>",
      "Retirer de l'équipe<hidden> dans {team}</hidden>"
    ]
  },
  {
    "en": "Add team role",
    "fr": [
      "Ajouter un rôle dans l'équipe",
      "Ajoutez un rôle dans l'équipe"
    ]
  },
  {
    "en": "Add process role",
    "fr": [
      "Ajoutez un rôle dans le processus",
      "Ajouter des rôles dans des processus"
    ]
  },
  {
    "en": "Add community role",
    "fr": [
      "Ajouter un rôle dans la collectivité",
      "Ajoutez un rôle dans la collectivité"
    ]
  },
  {
    "en": "Required",
    "fr": [
      "Requises",
      "Champ obligatoire"
    ]
  },
  {
    "en": "Skill requirements",
    "fr": [
      "Exigences relatives aux compétences",
      "Exigences en matière de compétences"
    ]
  },
  {
    "en": "Optional",
    "fr": [
      "Facultatives",
      "Facultatif"
    ]
  },
  {
    "en": "Remove from community",
    "fr": [
      "Retirez de la collectivité",
      "Retirer de la collectivité"
    ]
  },
  {
    "en": "About this role",
    "fr": [
      "À propos de ce rôle",
      "Au sujet de ce rôle"
    ]
  }
]"
`;
